2026-08-31T17:27:34Z  INFO   5.1d  guide-harvest  guide root fetched  cmd=`curl -sL https://simplifier.net/guide/miiigmodulconsent/MIIIGModulConsent?version=2026.0.0`  http=200 bytes=24509
2026-08-31T17:27:35Z  INFO   5.1d  guide-harvest  page tree discovered from the root's own hrefs  discovered=18 region_id=preview-content
    Slugs are read from href values, never constructed from page titles.
2026-08-31T17:27:41Z  INFO   5.1d  guide-harvest  page harvested  url=https://simplifier.net/guide/miiigmodulconsent/MIIIGModulConsent?version=2026.0.0  file=harvest-preservation/pagecontent/index.md  region=found kind=narrative src_text_chars=2806 md_text_chars=4667 missing_runs=0 internal_links=13 images=1 artefact_markers=0 title=Kerndatensatz-Modul Consent
2026-08-31T17:27:49Z  INFO   5.1d  guide-harvest  page harvested  url=https://simplifier.net/guide/miiigmodulconsent/MIIIGModulConsent/Release-Notes?version=2026.0.0  file=harvest-preservation/pagecontent/release-notes.md  region=found kind=narrative src_text_chars=3662 md_text_chars=4124 missing_runs=0 internal_links=0 images=0 artefact_markers=0 title=Release Notes
2026-08-31T17:27:58Z  INFO   5.1d  guide-harvest  page harvested  url=https://simplifier.net/guide/miiigmodulconsent/MIIIGModulConsent/Beschreibung-Modul-Consent?version=2026.0.0  file=harvest-preservation/pagecontent/beschreibung-modul-consent.md  region=found kind=narrative src_text_chars=680 md_text_chars=1168 missing_runs=0 internal_links=0 images=1 artefact_markers=0 title=Beschreibung Modul Consent
2026-08-31T17:28:17Z  INFO   5.1d  guide-harvest  page harvested  url=https://simplifier.net/guide/miiigmodulconsent/MIIIGModulConsent/KontextimGesamtprojektBezgezuanderenModulen?version=2026.0.0  file=harvest-preservation/pagecontent/kontextimgesamtprojektbezgezuanderenmodulen.md  region=found kind=narrative src_text_chars=858 md_text_chars=1094 missing_runs=0 internal_links=0 images=0 artefact_markers=0 title=Kontext im Gesamtprojekt / Bezüge zu anderen Modulen
2026-08-31T17:28:26Z  INFO   5.1d  guide-harvest  page harvested  url=https://simplifier.net/guide/miiigmodulconsent/MIIIGModulConsent/Referenzen?version=2026.0.0  file=harvest-preservation/pagecontent/referenzen.md  region=found kind=narrative src_text_chars=613 md_text_chars=1083 missing_runs=0 internal_links=0 images=0 artefact_markers=0 title=Referenzen
2026-08-31T17:28:35Z  INFO   5.1d  guide-harvest  page harvested  url=https://simplifier.net/guide/miiigmodulconsent/MIIIGModulConsent/AnwendungsflleInformationsmodell?version=2026.0.0  file=harvest-preservation/pagecontent/anwendungsflleinformationsmodell.md  region=found kind=narrative src_text_chars=81 md_text_chars=84 missing_runs=0 internal_links=0 images=0 artefact_markers=0 title=Anwendungsfälle / Informationsmodell
2026-08-31T17:28:39Z  INFO   5.1d  guide-harvest  page harvested  url=https://simplifier.net/guide/miiigmodulconsent/MIIIGModulConsent/AnwendungsflleInformationsmodell/BeschreibungvonSzenarienfrdieAnwendungdesModuls?version=2026.0.0  file=harvest-preservation/pagecontent/anwendungsflleinformationsmodell-beschreibungvonszenarienfrdieanwendungdesmoduls.md  region=found kind=narrative src_text_chars=1407 md_text_chars=1640 missing_runs=0 internal_links=0 images=0 artefact_markers=0 title=Beschreibung von Szenarien für die Anwendung des Moduls
2026-08-31T17:28:42Z  INFO   5.1d  guide-harvest  page harvested  url=https://simplifier.net/guide/miiigmodulconsent/MIIIGModulConsent/AnwendungsflleInformationsmodell/Datenstzeinkl.Beschreibungen?version=2026.0.0  file=harvest-preservation/pagecontent/anwendungsflleinformationsmodell-datenstzeinkl.beschreibungen.md  region=found kind=narrative src_text_chars=384 md_text_chars=604 missing_runs=0 internal_links=0 images=0 artefact_markers=0 title=Datensätze inkl. Beschreibungen
2026-08-31T17:28:44Z  INFO   5.1d  guide-harvest  page harvested  url=https://simplifier.net/guide/miiigmodulconsent/MIIIGModulConsent/AnwendungsflleInformationsmodell/UML?version=2026.0.0  file=harvest-preservation/pagecontent/anwendungsflleinformationsmodell-uml.md  region=found kind=narrative src_text_chars=1861 md_text_chars=2913 missing_runs=0 internal_links=5 images=1 artefact_markers=0 title=UML
2026-08-31T17:28:47Z  INFO   5.1d  guide-harvest  page harvested  url=https://simplifier.net/guide/miiigmodulconsent/MIIIGModulConsent/AnwendungsflleInformationsmodell/Fragebgen?version=2026.0.0  file=harvest-preservation/pagecontent/anwendungsflleinformationsmodell-fragebgen.md  region=found kind=narrative src_text_chars=2094 md_text_chars=3293 missing_runs=0 internal_links=1 images=0 artefact_markers=0 title=Fragebögen
2026-08-31T17:28:49Z  INFO   5.1d  guide-harvest  page harvested  url=https://simplifier.net/guide/miiigmodulconsent/MIIIGModulConsent/TechnischeImplementierung?version=2026.0.0  file=harvest-preservation/pagecontent/technischeimplementierung.md  region=found kind=narrative src_text_chars=731 md_text_chars=773 missing_runs=0 internal_links=0 images=0 artefact_markers=0 title=Technische Implementierung
2026-08-31T17:28:51Z  INFO   5.1d  guide-harvest  page harvested  url=https://simplifier.net/guide/miiigmodulconsent/MIIIGModulConsent/TechnischeImplementierung/FHIRProfile?version=2026.0.0  file=harvest-preservation/pagecontent/technischeimplementierung-fhirprofile.md  region=found kind=narrative src_text_chars=760 md_text_chars=895 missing_runs=0 internal_links=0 images=0 artefact_markers=0 title=FHIR Profile
2026-08-31T17:28:54Z  INFO   5.1d  guide-harvest  page harvested  url=https://simplifier.net/guide/miiigmodulconsent/MIIIGModulConsent/TechnischeImplementierung/FHIRProfile/Consent?version=2026.0.0  file=harvest-preservation/pagecontent/technischeimplementierung-fhirprofile-consent.md  region=found kind=artefact-view src_text_chars=239875 md_text_chars=423755 missing_runs=8 internal_links=0 images=0 artefact_markers=2171 title=Consent
2026-08-31T17:28:54Z  INFO   5.1d  guide-harvest  rendered-artefact-view: this page is a RENDERING of a conformance resource, not narrative  url=https://simplifier.net/guide/miiigmodulconsent/MIIIGModulConsent/TechnischeImplementierung/FHIRProfile/Consent?version=2026.0.0 file=harvest-preservation/pagecontent/technischeimplementierung-fhirprofile-consent.md src_text_chars=239875
    The IG Publisher regenerates the element tree from the module's own
    StructureDefinition. Take the prose above the tree; do not paste the tree
    into pagecontent as hand-maintained content (spec 9).
2026-08-31T17:28:54Z  WARN   5.1d  guide-harvest  generated-view-lossy: 8 text run(s) of a RENDERED ARTEFACT VIEW did not survive the conversion  url=https://simplifier.net/guide/miiigmodulconsent/MIIIGModulConsent/TechnischeImplementierung/FHIRProfile/Consent?version=2026.0.0 file=harvest-preservation/pagecontent/technischeimplementierung-fhirprofile-consent.md src_text_chars=239875 md_text_chars=423755
    Not counted as a narrative loss, because the tree is regenerated from
    the resource. It is still in the manifest and still reviewed at Gate B.
2026-08-31T17:28:56Z  INFO   5.1d  guide-harvest  page harvested  url=https://simplifier.net/guide/miiigmodulconsent/MIIIGModulConsent/TechnischeImplementierung/FHIRProfile/Provenance?version=2026.0.0  file=harvest-preservation/pagecontent/technischeimplementierung-fhirprofile-provenance.md  region=found kind=artefact-view src_text_chars=73477 md_text_chars=102418 missing_runs=4 internal_links=1 images=0 artefact_markers=397 title=Provenance
2026-08-31T17:28:56Z  INFO   5.1d  guide-harvest  rendered-artefact-view: this page is a RENDERING of a conformance resource, not narrative  url=https://simplifier.net/guide/miiigmodulconsent/MIIIGModulConsent/TechnischeImplementierung/FHIRProfile/Provenance?version=2026.0.0 file=harvest-preservation/pagecontent/technischeimplementierung-fhirprofile-provenance.md src_text_chars=73477
    The IG Publisher regenerates the element tree from the module's own
    StructureDefinition. Take the prose above the tree; do not paste the tree
    into pagecontent as hand-maintained content (spec 9).
2026-08-31T17:28:56Z  WARN   5.1d  guide-harvest  generated-view-lossy: 4 text run(s) of a RENDERED ARTEFACT VIEW did not survive the conversion  url=https://simplifier.net/guide/miiigmodulconsent/MIIIGModulConsent/TechnischeImplementierung/FHIRProfile/Provenance?version=2026.0.0 file=harvest-preservation/pagecontent/technischeimplementierung-fhirprofile-provenance.md src_text_chars=73477 md_text_chars=102418
    Not counted as a narrative loss, because the tree is regenerated from
    the resource. It is still in the manifest and still reviewed at Gate B.
2026-08-31T17:28:58Z  INFO   5.1d  guide-harvest  page harvested  url=https://simplifier.net/guide/miiigmodulconsent/MIIIGModulConsent/TechnischeImplementierung/FHIRProfile/DocumentReference?version=2026.0.0  file=harvest-preservation/pagecontent/technischeimplementierung-fhirprofile-documentreference.md  region=found kind=artefact-view src_text_chars=74149 md_text_chars=101637 missing_runs=2 internal_links=0 images=0 artefact_markers=359 title=DocumentReference
2026-08-31T17:28:58Z  INFO   5.1d  guide-harvest  rendered-artefact-view: this page is a RENDERING of a conformance resource, not narrative  url=https://simplifier.net/guide/miiigmodulconsent/MIIIGModulConsent/TechnischeImplementierung/FHIRProfile/DocumentReference?version=2026.0.0 file=harvest-preservation/pagecontent/technischeimplementierung-fhirprofile-documentreference.md src_text_chars=74149
    The IG Publisher regenerates the element tree from the module's own
    StructureDefinition. Take the prose above the tree; do not paste the tree
    into pagecontent as hand-maintained content (spec 9).
2026-08-31T17:28:58Z  WARN   5.1d  guide-harvest  generated-view-lossy: 2 text run(s) of a RENDERED ARTEFACT VIEW did not survive the conversion  url=https://simplifier.net/guide/miiigmodulconsent/MIIIGModulConsent/TechnischeImplementierung/FHIRProfile/DocumentReference?version=2026.0.0 file=harvest-preservation/pagecontent/technischeimplementierung-fhirprofile-documentreference.md src_text_chars=74149 md_text_chars=101637
    Not counted as a narrative loss, because the tree is regenerated from
    the resource. It is still in the manifest and still reviewed at Gate B.
2026-08-31T17:28:59Z  INFO   5.1d  guide-harvest  page harvested  url=https://simplifier.net/guide/miiigmodulconsent/MIIIGModulConsent/TechnischeImplementierung/FHIRProfile/WeitererelevanteProfile?version=2026.0.0  file=harvest-preservation/pagecontent/technischeimplementierung-fhirprofile-weitererelevanteprofile.md  region=found kind=narrative src_text_chars=892 md_text_chars=1959 missing_runs=0 internal_links=3 images=0 artefact_markers=0 title=Weitere relevante Profile
2026-08-31T17:29:01Z  INFO   5.1d  guide-harvest  page harvested  url=https://simplifier.net/guide/miiigmodulconsent/MIIIGModulConsent/TechnischeImplementierung/FHIRProfile/Empfehlungen-zur-praktischen-Anwendung?version=2026.0.0  file=harvest-preservation/pagecontent/technischeimplementierung-fhirprofile-empfehlungen-zur-praktischen-anwendung.md  region=found kind=narrative src_text_chars=2960 md_text_chars=3440 missing_runs=0 internal_links=0 images=0 artefact_markers=0 title=Empfehlungen zur praktischen Anwendung
2026-08-31T17:29:04Z  INFO   5.1d  guide-harvest  page harvested  url=https://simplifier.net/guide/miiigmodulconsent/MIIIGModulConsent/TechnischeImplementierung/Terminologien?version=2026.0.0  file=harvest-preservation/pagecontent/technischeimplementierung-terminologien.md  region=found kind=artefact-view src_text_chars=30045 md_text_chars=22255 missing_runs=8 internal_links=0 images=0 artefact_markers=5 title=Terminologien
2026-08-31T17:29:04Z  INFO   5.1d  guide-harvest  rendered-artefact-view: this page is a RENDERING of a conformance resource, not narrative  url=https://simplifier.net/guide/miiigmodulconsent/MIIIGModulConsent/TechnischeImplementierung/Terminologien?version=2026.0.0 file=harvest-preservation/pagecontent/technischeimplementierung-terminologien.md src_text_chars=30045
    The IG Publisher regenerates the element tree from the module's own
    StructureDefinition. Take the prose above the tree; do not paste the tree
    into pagecontent as hand-maintained content (spec 9).
2026-08-31T17:29:04Z  WARN   5.1d  guide-harvest  generated-view-lossy: 8 text run(s) of a RENDERED ARTEFACT VIEW did not survive the conversion  url=https://simplifier.net/guide/miiigmodulconsent/MIIIGModulConsent/TechnischeImplementierung/Terminologien?version=2026.0.0 file=harvest-preservation/pagecontent/technischeimplementierung-terminologien.md src_text_chars=30045 md_text_chars=22255
    Not counted as a narrative loss, because the tree is regenerated from
    the resource. It is still in the manifest and still reviewed at Gate B.
2026-08-31T17:29:05Z  INFO   5.1d  guide-harvest  harvested 18 of 18 pages  expected=18 actual=18
    Every discovered page is in migration-log/guide-harvest.tsv as 'harvested' or as 'skipped' with a reason.
    assets referenced by the harvested pages: migration-log/guide-harvest-assets.tsv  short_pages=0
2026-08-31T17:29:05Z  INFO   5.1d  guide-harvest  harvest complete  discovered=18 harvested=18 skipped=0 short=0 artefact_views=4 assets=3 out=harvest-preservation/pagecontent
    Next: verify the harvested set against the published package's artefact list
    (package-identity.sh, spec 2.1.1), then let the 5.4c advice run GENERATE the
    map rows from this manifest (page-structure-advice.py --map; step 5 consumes
    only the reviewed map, spec 9/9f) -- never one new page per harvested page.
    Links and images are still absolute to simplifier.net: retargeting them is
    part of that mapping, and the assets in migration-log/guide-harvest-assets.tsv still have to be transferred.
